// Jest Snapshot v1, https://goo.gl/fbAQLP

exports[`gets collated list of providers and instance types 1`] = `
Array [
  CloudProviderEntity {
    "_id": 1,
    "_instanceTypes": Array [
      CloudInstanceTypeEntity {
        "_id": 6,
        "_key": "m4.large",
        "_name": "m4.large",
        "_numCpus": 2,
        "_provider": [Circular],
        "_providerId": 1,
        "_ramGb": 8,
      },
      CloudInstanceTypeEntity {
        "_id": 7,
        "_key": "m4.xlarge",
        "_name": "m4.xlarge",
        "_numCpus": 4,
        "_provider": [Circular],
        "_providerId": 1,
        "_ramGb": 16,
      },
      CloudInstanceTypeEntity {
        "_id": 8,
        "_key": "m4.2xlarge",
        "_name": "m4.2xlarge",
        "_numCpus": 8,
        "_provider": [Circular],
        "_providerId": 1,
        "_ramGb": 32,
      },
      CloudInstanceTypeEntity {
        "_id": 9,
        "_key": "m4.4xlarge",
        "_name": "m4.4xlarge",
        "_numCpus": 16,
        "_provider": [Circular],
        "_providerId": 1,
        "_ramGb": 64,
      },
      CloudInstanceTypeEntity {
        "_id": 10,
        "_key": "m4.10xlarge",
        "_name": "m4.10xlarge",
        "_numCpus": 40,
        "_provider": [Circular],
        "_providerId": 1,
        "_ramGb": 160,
      },
      CloudInstanceTypeEntity {
        "_id": 11,
        "_key": "m4.16xlarge",
        "_name": "m4.16xlarge",
        "_numCpus": 64,
        "_provider": [Circular],
        "_providerId": 1,
        "_ramGb": 256,
      },
    ],
    "_key": "aws",
    "_name": "Amazon Web Services (AWS)",
  },
  CloudProviderEntity {
    "_id": 2,
    "_instanceTypes": Array [
      CloudInstanceTypeEntity {
        "_id": 1,
        "_key": "c2-standard-4",
        "_name": "c2-standard-4",
        "_numCpus": 4,
        "_provider": [Circular],
        "_providerId": 2,
        "_ramGb": 16,
      },
      CloudInstanceTypeEntity {
        "_id": 2,
        "_key": "c2-standard-8",
        "_name": "c2-standard-8",
        "_numCpus": 8,
        "_provider": [Circular],
        "_providerId": 2,
        "_ramGb": 32,
      },
      CloudInstanceTypeEntity {
        "_id": 3,
        "_key": "c2-standard-16",
        "_name": "c2-standard-16",
        "_numCpus": 16,
        "_provider": [Circular],
        "_providerId": 2,
        "_ramGb": 64,
      },
      CloudInstanceTypeEntity {
        "_id": 4,
        "_key": "c2-standard-30",
        "_name": "c2-standard-30",
        "_numCpus": 30,
        "_provider": [Circular],
        "_providerId": 2,
        "_ramGb": 120,
      },
      CloudInstanceTypeEntity {
        "_id": 5,
        "_key": "c2-standard-60",
        "_name": "c2-standard-60",
        "_numCpus": 60,
        "_provider": [Circular],
        "_providerId": 2,
        "_ramGb": 240,
      },
    ],
    "_key": "gcp",
    "_name": "Google Cloud Platform (GCP)",
  },
]
`;
